1
2
3
4
5
6
1.900000
1.900000
1.900000
1.900000
0.000000
